1
2
3
1234
4
3
2
1